Archive member included to satisfy reference by file (symbol)

c:/renesas/ra/e2studio_v2023-04_fsp_v4.5.0/toolchains/gcc_arm/gcc-arm-none-eabi-10.3-2021.10/bin/../lib/gcc/arm-none-eabi/10.3.1/thumb/v8-m.main+fp/hard\libgcc.a(_aeabi_ldivmod.o)
                              ./ra/fsp/src/r_sci_uart/r_sci_uart.o (__aeabi_ldivmod)
c:/renesas/ra/e2studio_v2023-04_fsp_v4.5.0/toolchains/gcc_arm/gcc-arm-none-eabi-10.3-2021.10/bin/../lib/gcc/arm-none-eabi/10.3.1/thumb/v8-m.main+fp/hard\libgcc.a(_udivmoddi4.o)
                              c:/renesas/ra/e2studio_v2023-04_fsp_v4.5.0/toolchains/gcc_arm/gcc-arm-none-eabi-10.3-2021.10/bin/../lib/gcc/arm-none-eabi/10.3.1/thumb/v8-m.main+fp/hard\libgcc.a(_aeabi_ldivmod.o) (__udivmoddi4)
c:/renesas/ra/e2studio_v2023-04_fsp_v4.5.0/toolchains/gcc_arm/gcc-arm-none-eabi-10.3-2021.10/bin/../lib/gcc/arm-none-eabi/10.3.1/thumb/v8-m.main+fp/hard\libgcc.a(_dvmd_tls.o)
                              c:/renesas/ra/e2studio_v2023-04_fsp_v4.5.0/toolchains/gcc_arm/gcc-arm-none-eabi-10.3-2021.10/bin/../lib/gcc/arm-none-eabi/10.3.1/thumb/v8-m.main+fp/hard\libgcc.a(_aeabi_ldivmod.o) (__aeabi_ldiv0)
c:/renesas/ra/e2studio_v2023-04_fsp_v4.5.0/toolchains/gcc_arm/gcc-arm-none-eabi-10.3-2021.10/bin/../lib/gcc/arm-none-eabi/10.3.1/../../../../arm-none-eabi/lib/thumb/v8-m.main+fp/hard\libg_nano.a(lib_a-errno.o)
                              ./ra/fsp/src/bsp/mcu/all/bsp_sbrk.o (__errno)
c:/renesas/ra/e2studio_v2023-04_fsp_v4.5.0/toolchains/gcc_arm/gcc-arm-none-eabi-10.3-2021.10/bin/../lib/gcc/arm-none-eabi/10.3.1/../../../../arm-none-eabi/lib/thumb/v8-m.main+fp/hard\libg_nano.a(lib_a-exit.o)
                              c:/renesas/ra/e2studio_v2023-04_fsp_v4.5.0/toolchains/gcc_arm/gcc-arm-none-eabi-10.3-2021.10/bin/../lib/gcc/arm-none-eabi/10.3.1/../../../../arm-none-eabi/lib/thumb/v8-m.main+fp/hard/rdimon-crt0.o (exit)
c:/renesas/ra/e2studio_v2023-04_fsp_v4.5.0/toolchains/gcc_arm/gcc-arm-none-eabi-10.3-2021.10/bin/../lib/gcc/arm-none-eabi/10.3.1/../../../../arm-none-eabi/lib/thumb/v8-m.main+fp/hard\libg_nano.a(lib_a-impure.o)
                              c:/renesas/ra/e2studio_v2023-04_fsp_v4.5.0/toolchains/gcc_arm/gcc-arm-none-eabi-10.3-2021.10/bin/../lib/gcc/arm-none-eabi/10.3.1/../../../../arm-none-eabi/lib/thumb/v8-m.main+fp/hard\libg_nano.a(lib_a-exit.o) (_global_impure_ptr)
c:/renesas/ra/e2studio_v2023-04_fsp_v4.5.0/toolchains/gcc_arm/gcc-arm-none-eabi-10.3-2021.10/bin/../lib/gcc/arm-none-eabi/10.3.1/../../../../arm-none-eabi/lib/thumb/v8-m.main+fp/hard\libg_nano.a(lib_a-init.o)
                              c:/renesas/ra/e2studio_v2023-04_fsp_v4.5.0/toolchains/gcc_arm/gcc-arm-none-eabi-10.3-2021.10/bin/../lib/gcc/arm-none-eabi/10.3.1/../../../../arm-none-eabi/lib/thumb/v8-m.main+fp/hard/rdimon-crt0.o (__libc_init_array)
c:/renesas/ra/e2studio_v2023-04_fsp_v4.5.0/toolchains/gcc_arm/gcc-arm-none-eabi-10.3-2021.10/bin/../lib/gcc/arm-none-eabi/10.3.1/../../../../arm-none-eabi/lib/thumb/v8-m.main+fp/hard\libg_nano.a(lib_a-memcpy-stub.o)
                              ./ra/fsp/src/r_sci_uart/r_sci_uart.o (memcpy)
c:/renesas/ra/e2studio_v2023-04_fsp_v4.5.0/toolchains/gcc_arm/gcc-arm-none-eabi-10.3-2021.10/bin/../lib/gcc/arm-none-eabi/10.3.1/../../../../arm-none-eabi/lib/thumb/v8-m.main+fp/hard\libg_nano.a(lib_a-memset.o)
                              c:/renesas/ra/e2studio_v2023-04_fsp_v4.5.0/toolchains/gcc_arm/gcc-arm-none-eabi-10.3-2021.10/bin/../lib/gcc/arm-none-eabi/10.3.1/../../../../arm-none-eabi/lib/thumb/v8-m.main+fp/hard/rdimon-crt0.o (memset)
c:/renesas/ra/e2studio_v2023-04_fsp_v4.5.0/toolchains/gcc_arm/gcc-arm-none-eabi-10.3-2021.10/bin/../lib/gcc/arm-none-eabi/10.3.1/../../../../arm-none-eabi/lib/thumb/v8-m.main+fp/hard\libg_nano.a(lib_a-strlen.o)
                              ./zed/drivers/drv_uart.o (strlen)
c:/renesas/ra/e2studio_v2023-04_fsp_v4.5.0/toolchains/gcc_arm/gcc-arm-none-eabi-10.3-2021.10/bin/../lib/gcc/arm-none-eabi/10.3.1/../../../../arm-none-eabi/lib/thumb/v8-m.main+fp/hard\librdimon_nano.a(rdimon-syscalls.o)
                              c:/renesas/ra/e2studio_v2023-04_fsp_v4.5.0/toolchains/gcc_arm/gcc-arm-none-eabi-10.3-2021.10/bin/../lib/gcc/arm-none-eabi/10.3.1/../../../../arm-none-eabi/lib/thumb/v8-m.main+fp/hard/rdimon-crt0.o (initialise_monitor_handles)
c:/renesas/ra/e2studio_v2023-04_fsp_v4.5.0/toolchains/gcc_arm/gcc-arm-none-eabi-10.3-2021.10/bin/../lib/gcc/arm-none-eabi/10.3.1/../../../../arm-none-eabi/lib/thumb/v8-m.main+fp/hard\librdimon_nano.a(rdimon-_exit.o)
                              c:/renesas/ra/e2studio_v2023-04_fsp_v4.5.0/toolchains/gcc_arm/gcc-arm-none-eabi-10.3-2021.10/bin/../lib/gcc/arm-none-eabi/10.3.1/../../../../arm-none-eabi/lib/thumb/v8-m.main+fp/hard\libg_nano.a(lib_a-exit.o) (_exit)
c:/renesas/ra/e2studio_v2023-04_fsp_v4.5.0/toolchains/gcc_arm/gcc-arm-none-eabi-10.3-2021.10/bin/../lib/gcc/arm-none-eabi/10.3.1/../../../../arm-none-eabi/lib/thumb/v8-m.main+fp/hard\librdimon_nano.a(rdimon-_kill.o)
[...]
Memory Configuration

Name             Origin             Length             Attributes
ITCM             0x00000000         0x00000000         xr
DTCM             0x00000000         0x00000000         xrw
FLASH            0x00000000         0x00100000         xr
RAM              0x20000000         0x00080000         xrw
DATA_FLASH       0x08000000         0x00002000         xr
QSPI_FLASH       0x60000000         0x04000000         xr
OSPI_DEVICE_0    0x68000000         0x08000000         xr
OSPI_DEVICE_1    0x70000000         0x10000000         xr
OSPI_DEVICE_0_RAM 0x68000000         0x08000000         xrw
OSPI_DEVICE_1_RAM 0x70000000         0x10000000         xrw
SDRAM            0x80010000         0x00000000         xrw
OPTION_SETTING   0x0100a100         0x00000100         r
OPTION_SETTING_OFS 0x0100a100         0x00000018         r
OPTION_SETTING_SAS 0x0100a134         0x000000cc         r
OPTION_SETTING_S 0x0100a200         0x00000100         r
ID_CODE          0x00000000         0x00000000         xr
*default*        0x00000000         0xffffffff

Linker script and memory map

LOAD c:/renesas/ra/e2studio_v2023-04_fsp_v4.5.0/toolchains/gcc_arm/gcc-arm-none-eabi-10.3-2021.10/bin/../lib/gcc/arm-none-eabi/10.3.1/thumb/v8-m.main+fp/hard/crti.o
LOAD c:/renesas/ra/e2studio_v2023-04_fsp_v4.5.0/toolchains/gcc_arm/gcc-arm-none-eabi-10.3-2021.10/bin/../lib/gcc/arm-none-eabi/10.3.1/thumb/v8-m.main+fp/hard/crtbegin.o
LOAD c:/renesas/ra/e2studio_v2023-04_fsp_v4.5.0/toolchains/gcc_arm/gcc-arm-none-eabi-10.3-2021.10/bin/../lib/gcc/arm-none-eabi/10.3.1/../../../../arm-none-eabi/lib/thumb/v8-m.main+fp/hard/rdimon-crt0.o
START GROUP
LOAD ./zed/drivers/drv_uart.o
LOAD ./zed/applications/app_uart_test.o
LOAD ./src/hal_entry.o
LOAD ./ra_gen/common_data.o
LOAD ./ra_gen/hal_data.o
LOAD ./ra_gen/main.o
LOAD ./ra_gen/pin_data.o
LOAD ./ra_gen/vector_data.o
LOAD ./ra/fsp/src/r_sci_uart/r_sci_uart.o
LOAD ./ra/fsp/src/r_ioport/r_ioport.o
LOAD ./ra/fsp/src/bsp/mcu/all/bsp_clocks.o
LOAD ./ra/fsp/src/bsp/mcu/all/bsp_common.o
LOAD ./ra/fsp/src/bsp/mcu/all/bsp_delay.o
LOAD ./ra/fsp/src/bsp/mcu/all/bsp_group_irq.o
LOAD ./ra/fsp/src/bsp/mcu/all/bsp_guard.o
LOAD ./ra/fsp/src/bsp/mcu/all/bsp_io.o
LOAD ./ra/fsp/src/bsp/mcu/all/bsp_irq.o
LOAD ./ra/fsp/src/bsp/mcu/all/bsp_register_protection.o
LOAD ./ra/fsp/src/bsp/mcu/all/bsp_rom_registers.o
LOAD ./ra/fsp/src/bsp/mcu/all/bsp_sbrk.o
LOAD ./ra/fsp/src/bsp/mcu/all/bsp_security.o
LOAD ./ra/fsp/src/bsp/cmsis/Device/RENESAS/Source/startup.o
LOAD ./ra/fsp/src/bsp/cmsis/Device/RENESAS/Source/system.o
END GROUP
START GROUP
LOAD c:/renesas/ra/e2studio_v2023-04_fsp_v4.5.0/toolchains/gcc_arm/gcc-arm-none-eabi-10.3-2021.10/bin/../lib/gcc/arm-none-eabi/10.3.1/thumb/v8-m.main+fp/hard\libgcc.a
LOAD c:/renesas/ra/e2studio_v2023-04_fsp_v4.5.0/toolchains/gcc_arm/gcc-arm-none-eabi-10.3-2021.10/bin/../lib/gcc/arm-none-eabi/10.3.1/../../../../arm-none-eabi/lib/thumb/v8-m.main+fp/hard\libg_nano.a
LOAD c:/renesas/ra/e2studio_v2023-04_fsp_v4.5.0/toolchains/gcc_arm/gcc-arm-none-eabi-10.3-2021.10/bin/../lib/gcc/arm-none-eabi/10.3.1/../../../../arm-none-eabi/lib/thumb/v8-m.main+fp/hard\libc_nano.a
END GROUP
START GROUP
LOAD c:/renesas/ra/e2studio_v2023-04_fsp_v4.5.0/toolchains/gcc_arm/gcc-arm-none-eabi-10.3-2021.10/bin/../lib/gcc/arm-none-eabi/10.3.1/thumb/v8-m.main+fp/hard\libgcc.a
LOAD c:/renesas/ra/e2studio_v2023-04_fsp_v4.5.0/toolchains/gcc_arm/gcc-arm-none-eabi-10.3-2021.10/bin/../lib/gcc/arm-none-eabi/10.3.1/../../../../arm-none-eabi/lib/thumb/v8-m.main+fp/hard\libc_nano.a
LOAD c:/renesas/ra/e2studio_v2023-04_fsp_v4.5.0/toolchains/gcc_arm/gcc-arm-none-eabi-10.3-2021.10/bin/../lib/gcc/arm-none-eabi/10.3.1/../../../../arm-none-eabi/lib/thumb/v8-m.main+fp/hard\librdimon_nano.a
END GROUP
START GROUP
LOAD c:/renesas/ra/e2studio_v2023-04_fsp_v4.5.0/toolchains/gcc_arm/gcc-arm-none-eabi-10.3-2021.10/bin/../lib/gcc/arm-none-eabi/10.3.1/thumb/v8-m.main+fp/hard\libgcc.a
LOAD c:/renesas/ra/e2studio_v2023-04_fsp_v4.5.0/toolchains/gcc_arm/gcc-arm-none-eabi-10.3-2021.10/bin/../lib/gcc/arm-none-eabi/10.3.1/../../../../arm-none-eabi/lib/thumb/v8-m.main+fp/hard\libc_nano.a
LOAD c:/renesas/ra/e2studio_v2023-04_fsp_v4.5.0/toolchains/gcc_arm/gcc-arm-none-eabi-10.3-2021.10/bin/../lib/gcc/arm-none-eabi/10.3.1/../../../../arm-none-eabi/lib/thumb/v8-m.main+fp/hard\librdimon_nano.a
END GROUP
LOAD c:/renesas/ra/e2studio_v2023-04_fsp_v4.5.0/toolchains/gcc_arm/gcc-arm-none-eabi-10.3-2021.10/bin/../lib/gcc/arm-none-eabi/10.3.1/thumb/v8-m.main+fp/hard/crtend.o
LOAD c:/renesas/ra/e2studio_v2023-04_fsp_v4.5.0/toolchains/gcc_arm/gcc-arm-none-eabi-10.3-2021.10/bin/../lib/gcc/arm-none-eabi/10.3.1/thumb/v8-m.main+fp/hard/crtn.o
                0x20000000                RAM_START = 0x20000000
                0x00080000                RAM_LENGTH = 0x80000
                0x00000000                FLASH_START = 0x0
                0x00100000                FLASH_LENGTH = 0x100000
                0x08000000                DATA_FLASH_START = 0x8000000
                0x00002000                DATA_FLASH_LENGTH = 0x2000
                0x0100a100                OPTION_SETTING_START = 0x100a100
                0x00000100                OPTION_SETTING_LENGTH = 0x100
                0x0100a200                OPTION_SETTING_S_START = 0x100a200
                0x00000100                OPTION_SETTING_S_LENGTH = 0x100
                0x00000000                ID_CODE_START = 0x0
                0x00000000                ID_CODE_LENGTH = 0x0
                0x80010000                SDRAM_START = 0x80010000
                0x00000000                SDRAM_LENGTH = 0x0
                0x60000000                QSPI_FLASH_START = 0x60000000
                0x04000000                QSPI_FLASH_LENGTH = 0x4000000
                0x68000000                OSPI_DEVICE_0_START = 0x68000000
                0x08000000                OSPI_DEVICE_0_LENGTH = 0x8000000
                0x70000000                OSPI_DEVICE_1_START = 0x70000000
                0x10000000                OSPI_DEVICE_1_LENGTH = 0x10000000
                0x04000000                QSPI_FLASH_PRV_LENGTH = DEFINED (QSPI_FLASH_SIZE)?ABSOLUTE (QSPI_FLASH_SIZE):ABSOLUTE (QSPI_FLASH_LENGTH)
                0x08000000                OSPI_DEVICE_0_PRV_LENGTH = DEFINED (OSPI_DEVICE_0_SIZE)?ABSOLUTE (OSPI_DEVICE_0_SIZE):ABSOLUTE (OSPI_DEVICE_0_LENGTH)
                0x10000000                OSPI_DEVICE_1_PRV_LENGTH = DEFINED (OSPI_DEVICE_1_SIZE)?ABSOLUTE (OSPI_DEVICE_1_SIZE):ABSOLUTE (OSPI_DEVICE_1_LENGTH)
                0x00000000                __RESERVE_NS_RAM = ((! (DEFINED (PROJECT_NONSECURE)) && DEFINED (RAM_NS_BUFFER_LENGTH)) && (OPTION_SETTING_S_LENGTH != 0x0))
                0x00000000                ITCM_START = DEFINED (ITCM_START)?ITCM_START:0x0
                0x00000000                ITCM_LENGTH = DEFINED (ITCM_LENGTH)?ITCM_LENGTH:0x0
                0x00000000                DTCM_START = DEFINED (DTCM_START)?DTCM_START:0x0
                0x00000000                DTCM_LENGTH = DEFINED (DTCM_LENGTH)?DTCM_LENGTH:0x0
                0x00000000                NS_OFFSET_START = DEFINED (NS_OFFSET_START)?NS_OFFSET_START:0x0
                0x00000000                NS_IMAGE_OFFSET = DEFINED (PROJECT_NONSECURE)?NS_OFFSET_START:0x0
                0x00000000                RAM_NS_BUFFER_BLOCK_LENGTH = DEFINED (RAM_NS_BUFFER_LENGTH)?ALIGN (RAM_NS_BUFFER_LENGTH, 0x2000):0x0
                0x00000000                RAM_NS_BUFFER_LENGTH = DEFINED (RAM_NS_BUFFER_LENGTH)?RAM_NS_BUFFER_LENGTH:0x0
                0x20080000                RAM_NS_BUFFER_START = ((RAM_START + RAM_LENGTH) - RAM_NS_BUFFER_LENGTH)
                0x20080000                RAM_NS_BUFFER_BLOCK_START = ((RAM_START + RAM_LENGTH) - RAM_NS_BUFFER_BLOCK_LENGTH)
                0x0100a180                OPTION_SETTING_START_NS = DEFINED (PROJECT_NONSECURE)?OPTION_SETTING_START:(OPTION_SETTING_START + 0x80)
                0x00000001                __bl_FSP_BOOTABLE_IMAGE = 0x1
                0x00000001                __bln_FSP_BOOTABLE_IMAGE = 0x1
                0x00000001                PROJECT_SECURE_OR_FLAT = (((! (DEFINED (PROJECT_NONSECURE)) || DEFINED (PROJECT_SECURE)) && OPTION_SETTING_LENGTH) && ! (DEFINED (FSP_BOOTABLE_IMAGE)))
                0x00000000                USE_OPTION_SETTING_NS = (DEFINED (PROJECT_NONSECURE) && ! (DEFINED (FSP_BOOTABLE_IMAGE)))
                0x00000000                __bl_FLASH_IMAGE_START = ! (DEFINED (FLASH_BOOTLOADER_LENGTH))?0x0:(FLASH_APPLICATION_IMAGE_NUMBER == 0x1)?(FLASH_BOOTLOADER_LENGTH + FLASH_BOOTLOADER_HEADER_LENGTH):(((FLASH_BOOTLOADER_LENGTH + FLASH_BOOTLOADER_SCRATCH_LENGTH) + FLASH_APPLICATION_S_LENGTH) + FLASH_BOOTLOADER_HEADER_LENGTH)
                0x00000000                __bl_FLASH_IMAGE_LENGTH = ! (DEFINED (FLASH_BOOTLOADER_LENGTH))?0x0:(FLASH_APPLICATION_S_LENGTH - FLASH_BOOTLOADER_HEADER_LENGTH)
                0x00000000                __bl_FLASH_IMAGE_END = (__bl_FLASH_IMAGE_START + __bl_FLASH_IMAGE_LENGTH)
                0x00000000                __bl_XIP_SECONDARY_FLASH_IMAGE_START = ! (DEFINED (FLASH_BOOTLOADER_LENGTH))?0x0:((FLASH_BOOTLOADER_LENGTH + FLASH_APPLICATION_S_LENGTH) + FLASH_BOOTLOADER_HEADER_LENGTH)
                0x00000000                __bl_XIP_SECONDARY_FLASH_IMAGE_END = (__bl_XIP_SECONDARY_FLASH_IMAGE_START + __bl_FLASH_IMAGE_LENGTH)
                0x00000000                __bl_FLASH_NS_START = ! (DEFINED (FLASH_BOOTLOADER_LENGTH))?0x0:(FLASH_APPLICATION_NS_LENGTH == 0x0)?__bl_FLASH_IMAGE_END:((__bl_FLASH_IMAGE_START - FLASH_BOOTLOADER_HEADER_LENGTH) + FLASH_APPLICATION_S_LENGTH)
                0x00000000                __bl_FLASH_NSC_START = ! (DEFINED (FLASH_BOOTLOADER_LENGTH))?0x0:(FLASH_APPLICATION_NS_LENGTH == 0x0)?__bl_FLASH_IMAGE_END:(__bl_FLASH_NS_START - FLASH_APPLICATION_NSC_LENGTH)
                0x00000000                __bl_RAM_NS_START = ! (DEFINED (FLASH_BOOTLOADER_LENGTH))?0x0:(FLASH_APPLICATION_NS_LENGTH == 0x0)?(RAM_START + RAM_LENGTH):((RAM_START + RAM_LENGTH) - RAM_APPLICATION_NS_LENGTH)
                0x00000000                __bl_RAM_NSC_START = ! (DEFINED (FLASH_BOOTLOADER_LENGTH))?0x0:(FLASH_APPLICATION_NS_LENGTH == 0x0)?(RAM_START + RAM_LENGTH):(__bl_RAM_NS_START - RAM_APPLICATION_NSC_LENGTH)
                0x00000000                __bl_FLASH_NS_IMAGE_START = ! (DEFINED (FLASH_BOOTLOADER_LENGTH))?0x0:(FLASH_APPLICATION_NS_LENGTH == 0x0)?__bl_FLASH_IMAGE_END:(__bl_FLASH_NS_START + FLASH_BOOTLOADER_HEADER_LENGTH_2)
                0x00000000                __bln_FLASH_IMAGE_START = __bl_FLASH_NS_IMAGE_START
                0x00000000                __bln_FLASH_IMAGE_LENGTH = ! (DEFINED (FLASH_BOOTLOADER_LENGTH))?0x0:(FLASH_APPLICATION_NS_LENGTH == 0x0)?__bl_FLASH_IMAGE_END:(FLASH_APPLICATION_NS_LENGTH - FLASH_BOOTLOADER_HEADER_LENGTH_2)
                0x00000000                XIP_SECONDARY_SLOT_IMAGE = DEFINED (XIP_SECONDARY_SLOT_IMAGE)?XIP_SECONDARY_SLOT_IMAGE:0x0
                0x00000000                FLASH_ORIGIN = ! (DEFINED (FLASH_IMAGE_START))?FLASH_START:(XIP_SECONDARY_SLOT_IMAGE == 0x1)?XIP_SECONDARY_FLASH_IMAGE_START:FLASH_IMAGE_START
                0x00100000                LIMITED_FLASH_LENGTH = DEFINED (FLASH_IMAGE_LENGTH)?FLASH_IMAGE_LENGTH:DEFINED (FLASH_BOOTLOADER_LENGTH)?FLASH_BOOTLOADER_LENGTH:FLASH_LENGTH
START GROUP
LOAD c:/renesas/ra/e2studio_v2023-04_fsp_v4.5.0/toolchains/gcc_arm/gcc-arm-none-eabi-10.3-2021.10/bin/../lib/gcc/arm-none-eabi/10.3.1/thumb/v8-m.main+fp/hard\libgcc.a
LOAD c:/renesas/ra/e2studio_v2023-04_fsp_v4.5.0/toolchains/gcc_arm/gcc-arm-none-eabi-10.3-2021.10/bin/../lib/gcc/arm-none-eabi/10.3.1/../../../../arm-none-eabi/lib/thumb/v8-m.main+fp/hard\libc.a
LOAD c:/renesas/ra/e2studio_v2023-04_fsp_v4.5.0/toolchains/gcc_arm/gcc-arm-none-eabi-10.3-2021.10/bin/../lib/gcc/arm-none-eabi/10.3.1/../../../../arm-none-eabi/lib/thumb/v8-m.main+fp/hard\libm.a
LOAD c:/renesas/ra/e2studio_v2023-04_fsp_v4.5.0/toolchains/gcc_arm/gcc-arm-none-eabi-10.3-2021.10/bin/../lib/gcc/arm-none-eabi/10.3.1/../../../../arm-none-eabi/lib/thumb/v8-m.main+fp/hard\libnosys.a
END GROUP

.text           0x00000000     0x1254
                0x00000000                __tz_FLASH_S = ABSOLUTE (FLASH_START)
                0x00000000                __ROM_Start = .
 *(.fixed_vectors*)
 .fixed_vectors
                0x00000000       0x40 ./ra/fsp/src/bsp/cmsis/Device/RENESAS/Source/startup.o
                0x00000000                __Vectors
 *(.application_vectors*)
 .application_vectors
                0x00000040      0x180 ./ra_gen/vector_data.o
                0x00000040                g_vector_table
                0x000001c0                __Vectors_End = .
                0x000001c0                . = (OPTION_SETTING_LENGTH > 0x0)?.:(__ROM_Start + 0x400)
 *(.rom_registers*)
                0x000001c0                . = (OPTION_SETTING_LENGTH > 0x0)?.:(__ROM_Start + 0x500)
                0x00000200                . = ALIGN (0x80)
 *fill*         0x000001c0       0x40 ff
 *(.mcuboot_sce9_key*)
 *(.text*)
 .text          0x00000200       0x40 c:/renesas/ra/e2studio_v2023-04_fsp_v4.5.0/toolchains/gcc_arm/gcc-arm-none-eabi-10.3-2021.10/bin/../lib/gcc/arm-none-eabi/10.3.1/thumb/v8-m.main+fp/hard/crtbegin.o
 .text.drv_uart_init
                0x00000240       0x18 ./zed/drivers/drv_uart.o
                0x00000240                drv_uart_init
 .text.drv_uart_wait_for_tx
                0x00000258       0x14 ./zed/drivers/drv_uart.o
                0x00000258                drv_uart_wait_for_tx
 .text.uart7_callback
                0x0000026c       0x20 ./zed/drivers/drv_uart.o
                0x0000026c                uart7_callback
 .text.app_uart_test
                0x0000028c       0x34 ./zed/applications/app_uart_test.o
                0x0000028c                app_uart_test
 .text.hal_entry
                0x000002c0        0x4 ./src/hal_entry.o
                0x000002c0                hal_entry
 .text.R_BSP_WarmStart
                0x000002c4       0x18 ./src/hal_entry.o
                0x000002c4                R_BSP_WarmStart
 .text.startup.main
                0x000002dc        0xc ./ra_gen/main.o
                0x000002dc                main
 .text.R_SCI_UART_Close
                0x000002e8       0xcc ./ra/fsp/src/r_sci_uart/r_sci_uart.o
                0x000002e8                R_SCI_UART_Close
 .text.R_SCI_UART_Read
                0x000003b4        0xc ./ra/fsp/src/r_sci_uart/r_sci_uart.o
                0x000003b4                R_SCI_UART_Read
 .text.R_SCI_UART_Write
                0x000003c0       0x48 ./ra/fsp/src/r_sci_uart/r_sci_uart.o
                0x000003c0                R_SCI_UART_Write
 .text.R_SCI_UART_CallbackSet
                0x00000408       0x10 ./ra/fsp/src/r_sci_uart/r_sci_uart.o
                0x00000408                R_SCI_UART_CallbackSet
 .text.R_SCI_UART_BaudSet
                0x00000418       0x4c ./ra/fsp/src/r_sci_uart/r_sci_uart.o
                0x00000418                R_SCI_UART_BaudSet
 .text.R_SCI_UART_InfoGet
                0x00000464        0xc ./ra/fsp/src/r_sci_uart/r_sci_uart.o
                0x00000464                R_SCI_UART_InfoGet
 .text.R_SCI_UART_Abort
                0x00000470       0x3c ./ra/fsp/src/r_sci_uart/r_sci_uart.o
                0x00000470                R_SCI_UART_Abort
 .text.R_SCI_UART_ReadStop
                0x000004ac       0x14 ./ra/fsp/src/r_sci_uart/r_sci_uart.o
                0x000004ac                R_SCI_UART_ReadStop
 .text.r_sci_uart_call_callback
                0x000004c0       0x44 ./ra/fsp/src/r_sci_uart/r_sci_uart.o
 .text.R_SCI_UART_Open
                0x00000504      0x364 ./ra/fsp/src/r_sci_uart/r_sci_uart.o
                0x00000504                R_SCI_UART_Open
 .text.sci_uart_txi_isr
                0x00000868       0x90 ./ra/fsp/src/r_sci_uart/r_sci_uart.o
                0x00000868                sci_uart_txi_isr
 .text.sci_uart_rxi_isr
                0x000008f8       0x90 ./ra/fsp/src/r_sci_uart/r_sci_uart.o
                0x000008f8                sci_uart_rxi_isr
 .text.sci_uart_tei_isr
                0x00000988       0x48 ./ra/fsp/src/r_sci_uart/r_sci_uart.o
                0x00000988                sci_uart_tei_isr
 .text.sci_uart_eri_isr
                0x000009d0       0x78 ./ra/fsp/src/r_sci_uart/r_sci_uart.o
                0x000009d0                sci_uart_eri_isr
 .text.bsp_vbatt_init
                0x00000a48       0xbc ./ra/fsp/src/r_ioport/r_ioport.o
 .text.r_ioport_pins_config
                0x00000b04       0xc0 ./ra/fsp/src/r_ioport/r_ioport.o
 .text.R_IOPORT_Open
                0x00000bc4       0x14 ./ra/fsp/src/r_ioport/r_ioport.o
                0x00000bc4                R_IOPORT_Open
 .text.SystemCoreClockUpdate
                0x00000bd8       0x28 ./ra/fsp/src/bsp/mcu/all/bsp_clocks.o
                0x00000bd8                SystemCoreClockUpdate
 .text.bsp_clock_init
                0x00000c00      0x110 ./ra/fsp/src/bsp/mcu/all/bsp_clocks.o
                0x00000c00                bsp_clock_init
 .text.R_BSP_Init_RTC
                0x00000d10       0x5c ./ra/fsp/src/bsp/mcu/all/bsp_clocks.o
                0x00000d10                R_BSP_Init_RTC
 .text.bsp_init_internal
                0x00000d6c        0x4 ./ra/fsp/src/bsp/mcu/all/bsp_common.o
                0x00000d6c                bsp_init_internal
                0x00000d6c                bsp_init
 .text.bsp_prv_software_delay_loop
                0x00000d70        0xc ./ra/fsp/src/bsp/mcu/all/bsp_delay.o
                0x00000d70                bsp_prv_software_delay_loop
 .text.R_BSP_SoftwareDelay
                0x00000d7c       0x68 ./ra/fsp/src/bsp/mcu/all/bsp_delay.o
                0x00000d7c                R_BSP_SoftwareDelay
 .text.NMI_Handler
                0x00000de4       0x38 ./ra/fsp/src/bsp/mcu/all/bsp_group_irq.o
                0x00000de4                NMI_Handler
 .text.bsp_irq_cfg
                0x00000e1c       0xa0 ./ra/fsp/src/bsp/mcu/all/bsp_irq.o
                0x00000e1c                bsp_irq_cfg
 .text.R_BSP_RegisterProtectEnable
                0x00000ebc       0x60 ./ra/fsp/src/bsp/mcu/all/bsp_register_protection.o
                0x00000ebc                R_BSP_RegisterProtectEnable
 .text.R_BSP_RegisterProtectDisable
                0x00000f1c       0x54 ./ra/fsp/src/bsp/mcu/all/bsp_register_protection.o
                0x00000f1c                R_BSP_RegisterProtectDisable
 .text.Default_Handler
                0x00000f70        0x4 ./ra/fsp/src/bsp/cmsis/Device/RENESAS/Source/startup.o
                0x00000f70                DebugMon_Handler
                0x00000f70                HardFault_Handler
                0x00000f70                SysTick_Handler
                0x00000f70                PendSV_Handler
                0x00000f70                UsageFault_Handler
                0x00000f70                SecureFault_Handler
                0x00000f70                Default_Handler
                0x00000f70                MemManage_Handler
                0x00000f70                SVC_Handler
                0x00000f70                BusFault_Handler
 .text.Reset_Handler
                0x00000f74        0xc ./ra/fsp/src/bsp/cmsis/Device/RENESAS/Source/startup.o
                0x00000f74                Reset_Handler
 .text.SystemInit
                0x00000f80       0xc4 ./ra/fsp/src/bsp/cmsis/Device/RENESAS/Source/system.o
                0x00000f80                SystemInit
 .text.memcpy   0x00001044       0x1a c:/renesas/ra/e2studio_v2023-04_fsp_v4.5.0/toolchains/gcc_arm/gcc-arm-none-eabi-10.3-2021.10/bin/../lib/gcc/arm-none-eabi/10.3.1/../../../../arm-none-eabi/lib/thumb/v8-m.main+fp/hard\libg_nano.a(lib_a-memcpy-stub.o)
                0x00001044                memcpy
 .text.memset   0x0000105e       0x10 c:/renesas/ra/e2studio_v2023-04_fsp_v4.5.0/toolchains/gcc_arm/gcc-arm-none-eabi-10.3-2021.10/bin/../lib/gcc/arm-none-eabi/10.3.1/../../../../arm-none-eabi/lib/thumb/v8-m.main+fp/hard\libg_nano.a(lib_a-memset.o)
                0x0000105e                memset
 *(.version)
 *fill*         0x0000106e        0x2 ff
 .version       0x00001070       0x50 ./ra/fsp/src/bsp/mcu/all/bsp_common.o
 *(.init)
 .init          0x000010c0        0x4 c:/renesas/ra/e2studio_v2023-04_fsp_v4.5.0/toolchains/gcc_arm/gcc-arm-none-eabi-10.3-2021.10/bin/../lib/gcc/arm-none-eabi/10.3.1/thumb/v8-m.main+fp/hard/crti.o
                0x000010c0                _init
 .init          0x000010c4        0x8 c:/renesas/ra/e2studio_v2023-04_fsp_v4.5.0/toolchains/gcc_arm/gcc-arm-none-eabi-10.3-2021.10/bin/../lib/gcc/arm-none-eabi/10.3.1/thumb/v8-m.main+fp/hard/crtn.o
 *(.fini)
 .fini          0x000010cc        0x4 c:/renesas/ra/e2studio_v2023-04_fsp_v4.5.0/toolchains/gcc_arm/gcc-arm-none-eabi-10.3-2021.10/bin/../lib/gcc/arm-none-eabi/10.3.1/thumb/v8-m.main+fp/hard/crti.o
                0x000010cc                _fini
 .fini          0x000010d0        0x8 c:/renesas/ra/e2studio_v2023-04_fsp_v4.5.0/toolchains/gcc_arm/gcc-arm-none-eabi-10.3-2021.10/bin/../lib/gcc/arm-none-eabi/10.3.1/thumb/v8-m.main+fp/hard/crtn.o
 *crtbegin.o(.ctors)
 *crtbegin?.o(.ctors)
 *(EXCLUDE_FILE(*crtend.o *crtend?.o) .ctors)
 *(SORT_BY_NAME(.ctors.*))
 *(.ctors)
 *crtbegin.o(.dtors)
 *crtbegin?.o(.dtors)
 *(EXCLUDE_FILE(*crtend.o *crtend?.o) .dtors)
 *(SORT_BY_NAME(.dtors.*))
 *(.dtors)
 *(.rodata*)
 .rodata.app_uart_test.str1.4
                0x000010d8       0x19 ./zed/applications/app_uart_test.o
 *fill*         0x000010f1        0x3 ff
 .rodata.g_uart7
                0x000010f4        0xc ./ra_gen/hal_data.o
                0x000010f4                g_uart7
 .rodata.g_uart7_cfg
                0x00001100       0x20 ./ra_gen/hal_data.o
                0x00001100                g_uart7_cfg
 .rodata.g_uart7_cfg_extend
                0x00001120       0x14 ./ra_gen/hal_data.o
                0x00001120                g_uart7_cfg_extend
 .rodata.g_bsp_pin_cfg
                0x00001134        0x8 ./ra_gen/pin_data.o
                0x00001134                g_bsp_pin_cfg
 .rodata.g_bsp_pin_cfg_data
                0x0000113c       0x20 ./ra_gen/pin_data.o
                0x0000113c                g_bsp_pin_cfg_data
 .rodata.g_interrupt_event_link_select
                0x0000115c       0xc0 ./ra_gen/vector_data.o
                0x0000115c                g_interrupt_event_link_select
 .rodata.g_uart_on_sci
                0x0000121c       0x24 ./ra/fsp/src/r_sci_uart/r_sci_uart.o
                0x0000121c                g_uart_on_sci
 .rodata.g_vbatt_pins_input
                0x00001240        0x6 ./ra/fsp/src/r_ioport/r_ioport.o
 *fill*         0x00001246        0x2 ff
 .rodata.g_prcr_masks
                0x00001248        0x8 ./ra/fsp/src/bsp/mcu/all/bsp_register_protection.o
                0x00001250                __usb_dev_descriptor_start_fs = .
 *(.usb_device_desc_fs*)
                0x00001250                __usb_cfg_descriptor_start_fs = .
 *(.usb_config_desc_fs*)
                0x00001250                __usb_interface_descriptor_start_fs = .
 *(.usb_interface_desc_fs*)
                0x00001250                __usb_descriptor_end_fs = .
                0x00001250                __usb_dev_descriptor_start_hs = .
 *(.usb_device_desc_hs*)
                0x00001250                __usb_cfg_descriptor_start_hs = .
 *(.usb_config_desc_hs*)
                0x00001250                __usb_interface_descriptor_start_hs = .
 *(.usb_interface_desc_hs*)
                0x00001250                __usb_descriptor_end_hs = .
 *(.eh_frame*)
 .eh_frame      0x00001250        0x0 c:/renesas/ra/e2studio_v2023-04_fsp_v4.5.0/toolchains/gcc_arm/gcc-arm-none-eabi-10.3-2021.10/bin/../lib/gcc/arm-none-eabi/10.3.1/thumb/v8-m.main+fp/hard/crtbegin.o
 .eh_frame      0x00001250        0x4 c:/renesas/ra/e2studio_v2023-04_fsp_v4.5.0/toolchains/gcc_arm/gcc-arm-none-eabi-10.3-2021.10/bin/../lib/gcc/arm-none-eabi/10.3.1/thumb/v8-m.main+fp/hard/crtend.o
                0x00001254                __ROM_End = .
                0x000001c0                __Vectors_Size = (__Vectors_End - __Vectors)

.glue_7         0x00001254        0x0
 .glue_7        0x00001254        0x0 linker stubs

.glue_7t        0x00001254        0x0
 .glue_7t       0x00001254        0x0 linker stubs

.vfp11_veneer   0x00001254        0x0
 .vfp11_veneer  0x00001254        0x0 linker stubs

.v4_bx          0x00001254        0x0
 .v4_bx         0x00001254        0x0 linker stubs

.iplt           0x00001254        0x0
 .iplt          0x00001254        0x0 c:/renesas/ra/e2studio_v2023-04_fsp_v4.5.0/toolchains/gcc_arm/gcc-arm-none-eabi-10.3-2021.10/bin/../lib/gcc/arm-none-eabi/10.3.1/thumb/v8-m.main+fp/hard/crtbegin.o
                0x00001254                . = .
                0x00001254                __itcm_data_pre_location = .

.itcm_data      0x00000000        0x0 load address 0x00001260
                0x00000000                __tz_ITCM_S = ABSOLUTE (ITCM_START)
                0x00000000                __itcm_data_start = .
 *(.itcm_data*)
                0x00000000                . = ALIGN (0x8)
                0x00000000                __itcm_data_end = .
                0x00000000                __tz_ITCM_N = DEFINED (ITCM_NS_START)?ABSOLUTE (ITCM_NS_START):ALIGN (__itcm_data_end, 0x2000)
                0x00001260                __itcm_data_init_start = LOADADDR (.itcm_data)
                0x00001260                __itcm_data_init_end = (LOADADDR (.itcm_data) + SIZEOF (.itcm_data))
                0x00000001                ASSERT (((ORIGIN (ITCM) % 0x8) == 0x0), ITCM memory region origin must be aligned to 8 bytes.)
                0x00000001                ASSERT (((LENGTH (ITCM) % 0x8) == 0x0), ITCM memory region length must be a multiple of 8 bytes.)
                0x00000001                ASSERT (((LOADADDR (.itcm_data) % 0x10) == 0x0), .itcm_data section must be aligned to 16 bytes.)
                0x00000001                ASSERT (((SIZEOF (.itcm_data) % 0x8) == 0x0), .itcm_data section size must be a multiple of 8 bytes.)
                0x00001254                . = (SIZEOF (.itcm_data) > 0x0)?__itcm_data_init_end:__itcm_data_pre_location

.ARM.extab
 *(.ARM.extab* .gnu.linkonce.armextab.*)
                0x00001254                __exidx_start = .

.ARM.exidx
 *(.ARM.exidx* .gnu.linkonce.armexidx.*)
                0x00001254                __exidx_end = .
                0x00001254                __etext = .
                0x20000000                __tz_RAM_S = ORIGIN (RAM)

.fsp_dtc_vector_table
                0x20000000        0x0
                0x20000000                . = ORIGIN (RAM)
 *(.fsp_dtc_vector_table)

.data           0x20000000        0xc load address 0x00001254
                0x20000000                __data_start__ = .
                0x20000000                . = ALIGN (0x4)
                0x20000000                __Code_In_RAM_Start = .
 *(.code_in_ram*)
                0x20000000                __Code_In_RAM_End = .
 *(vtable)
 *(.data.*)
 .data.g_uart7_baud_setting
                0x20000000        0x4 ./ra_gen/hal_data.o
                0x20000000                g_uart7_baud_setting
 *(.data)
                0x20000004                . = ALIGN (0x4)
                0x20000004                PROVIDE (__preinit_array_start = .)
 *(.preinit_array)
                0x20000004                PROVIDE (__preinit_array_end = .)
                0x20000004                . = ALIGN (0x4)
                0x20000004                PROVIDE (__init_array_start = .)
 *(SORT_BY_NAME(.init_array.*))
 *(.init_array)
 .init_array    0x20000004        0x4 c:/renesas/ra/e2studio_v2023-04_fsp_v4.5.0/toolchains/gcc_arm/gcc-arm-none-eabi-10.3-2021.10/bin/../lib/gcc/arm-none-eabi/10.3.1/thumb/v8-m.main+fp/hard/crtbegin.o
                0x20000008                PROVIDE (__init_array_end = .)
                0x20000008                . = ALIGN (0x4)
                [!provide]                PROVIDE (__fini_array_start = .)
 *(SORT_BY_NAME(.fini_array.*))
 *(.fini_array)
 .fini_array    0x20000008        0x4 c:/renesas/ra/e2studio_v2023-04_fsp_v4.5.0/toolchains/gcc_arm/gcc-arm-none-eabi-10.3-2021.10/bin/../lib/gcc/arm-none-eabi/10.3.1/thumb/v8-m.main+fp/hard/crtbegin.o
                [!provide]                PROVIDE (__fini_array_end = .)
 *(.jcr*)
                0x2000000c                . = ALIGN (0x4)
                0x2000000c                __data_end__ = .

.igot.plt       0x2000000c        0x0 load address 0x00001260
 .igot.plt      0x2000000c        0x0 c:/renesas/ra/e2studio_v2023-04_fsp_v4.5.0/toolchains/gcc_arm/gcc-arm-none-eabi-10.3-2021.10/bin/../lib/gcc/arm-none-eabi/10.3.1/thumb/v8-m.main+fp/hard/crtbegin.o
                0x2000000c                . = .
                0x00001260                __dtcm_data_pre_location = (LOADADDR (.data) + SIZEOF (.data))

.dtcm_data      0x00000000        0x0 load address 0x00001260
                0x00000000                __tz_DTCM_S = ABSOLUTE (DTCM_START)
                0x00000000                __dtcm_data_start = .
 *(.dtcm_data*)
                0x00000000                . = ALIGN (0x8)
                0x00000000                __dtcm_data_end = .
                0x00000000                . = __dtcm_data_end

.dtcm_bss       0x00000000        0x0
                0x00000000                __dtcm_bss_start = .
 *(.dtcm_bss*)
                0x00000000                . = ALIGN (0x8)
                0x00000000                __dtcm_bss_end = .
                0x00000000                __tz_DTCM_N = DEFINED (DTCM_NS_START)?ABSOLUTE (DTCM_NS_START):ALIGN (__dtcm_bss_end, 0x2000)
                0x00001260                __dtcm_data_init_start = LOADADDR (.dtcm_data)
                0x00001260                __dtcm_data_init_end = (LOADADDR (.dtcm_data) + SIZEOF (.dtcm_data))
                0x00000001                ASSERT (((ORIGIN (DTCM) % 0x8) == 0x0), DTCM memory region origin must be aligned to 8 bytes.)
                0x00000001                ASSERT (((LENGTH (DTCM) % 0x8) == 0x0), DTCM memory region length must be a multiple of 8 bytes.)
                0x00000001                ASSERT ((LOADADDR (.dtcm_bss) == ADDR (.dtcm_bss)), .dtcm_bss has (VMA != LMA) but should be NOLOAD (VMA == LMA).)
                0x00000001                ASSERT (((LOADADDR (.dtcm_data) % 0x10) == 0x0), .dtcm_data section must be aligned to 16 bytes.)
                0x00000001                ASSERT (((SIZEOF (.dtcm_data) % 0x8) == 0x0), .dtcm_data section size must be a multiple of 8 bytes.)
                0x00000001                ASSERT (((LOADADDR (.dtcm_bss) % 0x8) == 0x0), .dtcm_bss section must be aligned to 8 bytes.)
                0x00000001                ASSERT (((SIZEOF (.dtcm_bss) % 0x8) == 0x0), .dtcm_bss section size must be a multiple of 8 bytes.)
                0x00000001                ASSERT ((__dtcm_bss_start == __dtcm_data_end), .dtcm_bss section is not adjacent to .dtcm_data section.)
                0x00001260                . = (SIZEOF (.dtcm_data) > 0x0)?__dtcm_data_init_end:__dtcm_data_pre_location
                0x00001260                sgstubs_pre_location = .
                0x00001400                SGSTUBS_LOC = (DEFINED (PROJECT_SECURE) && DEFINED (FLASH_NSC_START))?ABSOLUTE (FLASH_NSC_START):ALIGN (0x400)

.gnu.sgstubs    0x00001400        0x0
                0x00001400                __tz_FLASH_C = DEFINED (FLASH_NSC_START)?ABSOLUTE (FLASH_NSC_START):__RESERVE_NS_RAM?ABSOLUTE ((FLASH_START + FLASH_LENGTH)):ALIGN (0x400)
                0x00001400                _start_sg = .
 *(.gnu.sgstubs*)
                0x00001400                . = ALIGN (0x20)
                0x00001400                _end_sg = .
                0x00008000                __tz_FLASH_N = DEFINED (FLASH_NS_START)?ABSOLUTE (FLASH_NS_START):__RESERVE_NS_RAM?ABSOLUTE ((FLASH_START + FLASH_LENGTH)):(FLASH_LENGTH < 0x8000)?FLASH_LENGTH:ALIGN (0x8000)
                0x00008000                FLASH_NS_IMAGE_START = DEFINED (FLASH_NS_IMAGE_START)?FLASH_NS_IMAGE_START:__tz_FLASH_N
                0x60000000                __tz_QSPI_FLASH_S = ORIGIN (QSPI_FLASH)

.qspi_flash     0x60000000        0x0
                0x60000000                __qspi_flash_start__ = .
 *(.qspi_flash*)
 *(.code_in_qspi*)
                0x60000000                __qspi_flash_end__ = .
                0x00000000                __qspi_flash_code_size__ = (__qspi_flash_end__ - __qspi_flash_start__)
                0x00001260                __qspi_flash_code_addr__ = sgstubs_pre_location

.qspi_non_retentive
                0x60000000        0x0 load address 0x00001260
                0x60000000                __qspi_non_retentive_start__ = .
 *(.qspi_non_retentive*)
                0x60000000                __qspi_non_retentive_end__ = .
                0x00000000                __qspi_non_retentive_size__ = (__qspi_non_retentive_end__ - __qspi_non_retentive_start__)
                0x04000000                __qspi_region_max_size__ = 0x4000000
                0x60000000                __qspi_region_start_address__ = __qspi_flash_start__
                0x64000000                __qspi_region_end_address__ = (__qspi_flash_start__ + __qspi_region_max_size__)
                0x60000000                __tz_QSPI_FLASH_N = __qspi_non_retentive_end__

.OSPI_DEVICE_0_NO_LOAD
                0x68000000        0x0
                0x68000000                . = ALIGN (0x4)
                0x68000000                __ospi_device_0_start__ = .
 *(.ospi_device_0_no_load*)
                0x68000000                . = ALIGN (0x4)
                0x68000000                __ospi_device_0_end__ = .

.OSPI_DEVICE_1_NO_LOAD
                0x70000000        0x0
                0x70000000                . = ALIGN (0x4)
                0x70000000                __ospi_device_1_start__ = .
 *(.ospi_device_1_no_load*)
                0x70000000                . = ALIGN (0x4)
                0x70000000                __ospi_device_1_end__ = .
                0x68000000                __tz_OSPI_DEVICE_0_S = ORIGIN (OSPI_DEVICE_0)

.OSPI_DEVICE_0  0x68000000        0x0
                0x68000000                __ospi_device_0_start__ = .
 *(.ospi_device_0*)
 *(.code_in_ospi_device_0*)
                0x68000000                __ospi_device_0_end__ = .
                0x00000000                __ospi_device_0_code_size__ = (__ospi_device_0_end__ - __ospi_device_0_start__)
                0x00001260                __ospi_device_0_code_addr__ = (sgstubs_pre_location + SIZEOF (.qspi_non_retentive))

.ospi_device_0_non_retentive
                0x68000000        0x0 load address 0x00001260
                0x68000000                __ospi_device_0_non_retentive_start__ = .
 *(.ospi_device_0_non_retentive*)
                0x68000000                __ospi_device_0_non_retentive_end__ = .
                0x00000000                __ospi_device_0_non_retentive_size__ = (__ospi_device_0_non_retentive_end__ - __ospi_device_0_non_retentive_start__)
                0x08000000                __ospi_device_0_region_max_size__ = 0x8000000
                0x68000000                __ospi_device_0_region_start_address__ = __ospi_device_0_start__
                0x70000000                __ospi_device_0_region_end_address__ = (__ospi_device_0_start__ + __ospi_device_0_region_max_size__)
                0x68000000                __tz_OSPI_DEVICE_0_N = __ospi_device_0_non_retentive_end__
                0x70000000                __tz_OSPI_DEVICE_1_S = ORIGIN (OSPI_DEVICE_1)

.OSPI_DEVICE_1  0x70000000        0x0
                0x70000000                __ospi_device_1_start__ = .
 *(.ospi_device_1*)
 *(.code_in_ospi_device_1*)
                0x70000000                __ospi_device_1_end__ = .
                0x00000000                __ospi_device_1_code_size__ = (__ospi_device_1_end__ - __ospi_device_1_start__)
                0x00001260                __ospi_device_1_code_addr__ = (sgstubs_pre_location + (SIZEOF (.qspi_non_retentive) + SIZEOF (.ospi_device_0_non_retentive)))

.ospi_device_1_non_retentive
                0x70000000        0x0 load address 0x00001260
                0x70000000                __ospi_device_1_non_retentive_start__ = .
 *(.ospi_device_1_non_retentive*)
                0x70000000                __ospi_device_1_non_retentive_end__ = .
                0x00000000                __ospi_device_1_non_retentive_size__ = (__ospi_device_1_non_retentive_end__ - __ospi_device_1_non_retentive_start__)
                0x10000000                __ospi_device_1_region_max_size__ = 0x10000000
                0x70000000                __ospi_device_1_region_start_address__ = __ospi_device_1_start__
                0x80000000                __ospi_device_1_region_end_address__ = (__ospi_device_1_start__ + __ospi_device_1_region_max_size__)
                0x70000000                __tz_OSPI_DEVICE_1_N = __ospi_device_1_non_retentive_end__

.noinit         0x2000000c       0x1c
                0x2000000c                . = ALIGN (0x4)
                0x2000000c                __noinit_start = .
 *(.noinit*)
 .noinit        0x2000000c       0x1c ./ra/fsp/src/bsp/mcu/all/bsp_clocks.o
                0x20000028                . = ALIGN (0x8)
 *(.heap.*)
                0x20000028                __noinit_end = .

.bss            0x20000028      0x22c
                0x20000028                . = ALIGN (0x4)
                0x20000028                __bss_start__ = .
 *(.bss*)
 .bss           0x20000028       0x1c c:/renesas/ra/e2studio_v2023-04_fsp_v4.5.0/toolchains/gcc_arm/gcc-arm-none-eabi-10.3-2021.10/bin/../lib/gcc/arm-none-eabi/10.3.1/thumb/v8-m.main+fp/hard/crtbegin.o
 .bss.g_uart7_rx_complete
                0x20000044        0x4 ./zed/drivers/drv_uart.o
 .bss.g_uart7_tx_complete
                0x20000048        0x4 ./zed/drivers/drv_uart.o
 .bss.g_ioport_ctrl
                0x2000004c        0x8 ./ra_gen/common_data.o
                0x2000004c                g_ioport_ctrl
 .bss.g_uart7_ctrl
                0x20000054       0x30 ./ra_gen/hal_data.o
                0x20000054                g_uart7_ctrl
 .bss.g_bsp_group_irq_sources
                0x20000084       0x40 ./ra/fsp/src/bsp/mcu/all/bsp_group_irq.o
                0x20000084                g_bsp_group_irq_sources
 .bss.g_protect_pfswe_counter
                0x200000c4        0x4 ./ra/fsp/src/bsp/mcu/all/bsp_io.o
                0x200000c4                g_protect_pfswe_counter
 .bss.gp_renesas_isr_context
                0x200000c8      0x180 ./ra/fsp/src/bsp/mcu/all/bsp_irq.o
                0x200000c8                gp_renesas_isr_context
 .bss.g_protect_counters
                0x20000248        0x8 ./ra/fsp/src/bsp/mcu/all/bsp_register_protection.o
                0x20000248                g_protect_counters
 .bss.SystemCoreClock
                0x20000250        0x4 ./ra/fsp/src/bsp/cmsis/Device/RENESAS/Source/system.o
                0x20000250                SystemCoreClock
 *(COMMON)
                0x20000254                . = ALIGN (0x4)
                0x20000254                __bss_end__ = .

.heap           0x20000254        0x4
                0x20000258                . = ALIGN (0x8)
 *fill*         0x20000254        0x4 
                0x20000258                __HeapBase = .
 *(.heap)
                0x20000258                __HeapLimit = .

.stack_dummy    0x20000258      0x400
                0x20000258                . = ALIGN (0x8)
                0x20000258                __StackLimit = .
 *(.stack)
 .stack         0x20000258      0x400 ./ra/fsp/src/bsp/cmsis/Device/RENESAS/Source/startup.o
                0x20000658                __StackTop = .
 *(.stack*)
                0x20000658                __StackTopAll = .
                0x20000658                PROVIDE (__stack = __StackTopAll)
                0x20000658                __RAM_segment_used_end__ = ALIGN (__StackTopAll, 0x4)
                0x20000800                __tz_RAM_C = DEFINED (RAM_NSC_START)?ABSOLUTE ((RAM_NSC_START - RAM_NS_BUFFER_BLOCK_LENGTH)):__RESERVE_NS_RAM?ABSOLUTE (RAM_NS_BUFFER_BLOCK_START):ALIGN (__RAM_segment_used_end__, 0x400)
                0x20002000                __tz_RAM_N = DEFINED (RAM_NS_START)?ABSOLUTE ((RAM_NS_START - RAM_NS_BUFFER_BLOCK_LENGTH)):__RESERVE_NS_RAM?ABSOLUTE (RAM_NS_BUFFER_BLOCK_START):ALIGN (__tz_RAM_C, 0x2000)

.ns_buffer      0x20000658        0x0
                0x20000658                . = __RESERVE_NS_RAM?ABSOLUTE ((RAM_NS_BUFFER_START & 0xffffffe0)):.
 *(.ns_buffer*)

.data_flash     0x08000000        0x0
                0x08000000                . = ORIGIN (DATA_FLASH)
                0x08000000                __tz_DATA_FLASH_S = .
                0x08000000                __Data_Flash_Start = .
 *(.data_flash*)
                0x08000000                __Data_Flash_End = .
                0x08000000                __tz_DATA_FLASH_N = DEFINED (DATA_FLASH_NS_START)?ABSOLUTE (DATA_FLASH_NS_START):__RESERVE_NS_RAM?ABSOLUTE ((DATA_FLASH_START + DATA_FLASH_LENGTH)):ALIGN (0x400)
                0x80010000                __tz_SDRAM_S = ORIGIN (SDRAM)

.sdram          0x80010000        0x0
                0x80010000                __SDRAM_Start = .
 *(.sdram*)
 *(.frame*)
                0x80010000                __SDRAM_End = .
                0x80010000                __tz_SDRAM_N = __SDRAM_End
                0x00000000                __tz_ID_CODE_S = ORIGIN (ID_CODE)
                0x00000000                __tz_ID_CODE_N = __tz_ID_CODE_S

.id_code        0x00000000        0x0
                0x00000000                __ID_Code_Start = .
 *(.id_code*)
                0x00000000                __ID_Code_End = .
                0x0100a100                __tz_OPTION_SETTING_S = ORIGIN (OPTION_SETTING_OFS)

.option_setting_ofs
                0x0100a100       0x14
                0x0100a100                __OPTION_SETTING_OFS_Start = .
 *(.option_setting_ofs0)
 .option_setting_ofs0
                0x0100a100        0x4 ./ra/fsp/src/bsp/mcu/all/bsp_rom_registers.o
                0x0100a104                . = PROJECT_SECURE_OR_FLAT?(__OPTION_SETTING_OFS_Start + 0x4):__OPTION_SETTING_OFS_Start
 *(.option_setting_ofs2)
                0x0100a110                . = PROJECT_SECURE_OR_FLAT?(__OPTION_SETTING_OFS_Start + 0x10):__OPTION_SETTING_OFS_Start
 *fill*         0x0100a104        0xc ff
 *(.option_setting_dualsel)
 .option_setting_dualsel
                0x0100a110        0x4 ./ra/fsp/src/bsp/mcu/all/bsp_rom_registers.o
                0x0100a114                __OPTION_SETTING_OFS_End = .

.option_setting_sas
                0x0100a134        0x4
                0x0100a134                __OPTION_SETTING_SAS_Start = .
 *(.option_setting_sas)
 .option_setting_sas
                0x0100a134        0x4 ./ra/fsp/src/bsp/mcu/all/bsp_rom_registers.o
                0x0100a138                __OPTION_SETTING_SAS_End = .
                0x0100a180                __tz_OPTION_SETTING_N = ABSOLUTE (OPTION_SETTING_START_NS)

.option_setting_ns
                0x0100a100        0x0
                0x0100a100                __OPTION_SETTING_NS_Start = .
 *(.option_setting_ofs1)
                0x0100a100                . = USE_OPTION_SETTING_NS?(__OPTION_SETTING_NS_Start + 0x4):__OPTION_SETTING_NS_Start
 *(.option_setting_ofs3)
                0x0100a100                . = USE_OPTION_SETTING_NS?(__OPTION_SETTING_NS_Start + 0x10):__OPTION_SETTING_NS_Start
 *(.option_setting_banksel)
                0x0100a100                . = USE_OPTION_SETTING_NS?(__OPTION_SETTING_NS_Start + 0x40):__OPTION_SETTING_NS_Start
 *(.option_setting_bps0)
                0x0100a100                . = USE_OPTION_SETTING_NS?(__OPTION_SETTING_NS_Start + 0x44):__OPTION_SETTING_NS_Start
 *(.option_setting_bps1)
                0x0100a100                . = USE_OPTION_SETTING_NS?(__OPTION_SETTING_NS_Start + 0x48):__OPTION_SETTING_NS_Start
 *(.option_setting_bps2)
                0x0100a100                . = USE_OPTION_SETTING_NS?(__OPTION_SETTING_NS_Start + 0x4c):__OPTION_SETTING_NS_Start
 *(.option_setting_bps3)
                0x0100a100                . = USE_OPTION_SETTING_NS?(__OPTION_SETTING_NS_Start + 0x60):__OPTION_SETTING_NS_Start
 *(.option_setting_pbps0)
                0x0100a100                . = USE_OPTION_SETTING_NS?(__OPTION_SETTING_NS_Start + 0x64):__OPTION_SETTING_NS_Start
 *(.option_setting_pbps1)
                0x0100a100                . = USE_OPTION_SETTING_NS?(__OPTION_SETTING_NS_Start + 0x68):__OPTION_SETTING_NS_Start
 *(.option_setting_pbps2)
                0x0100a100                . = USE_OPTION_SETTING_NS?(__OPTION_SETTING_NS_Start + 0x6c):__OPTION_SETTING_NS_Start
 *(.option_setting_pbps3)
                0x0100a100                __OPTION_SETTING_NS_End = .
                0x0100a200                __tz_OPTION_SETTING_S_S = ORIGIN (OPTION_SETTING_S)

.option_setting_s
                0x0100a200       0xd0
                0x0100a200                __OPTION_SETTING_S_Start = .
 *(.option_setting_ofs1_sec)
 .option_setting_ofs1_sec
                0x0100a200        0x4 ./ra/fsp/src/bsp/mcu/all/bsp_rom_registers.o
                0x0100a204                . = PROJECT_SECURE_OR_FLAT?(__OPTION_SETTING_S_Start + 0x4):__OPTION_SETTING_S_Start
 *(.option_setting_ofs3_sec)
                0x0100a210                . = PROJECT_SECURE_OR_FLAT?(__OPTION_SETTING_S_Start + 0x10):__OPTION_SETTING_S_Start
 *fill*         0x0100a204        0xc ff
 *(.option_setting_banksel_sec)
 .option_setting_banksel_sec
                0x0100a210        0x4 ./ra/fsp/src/bsp/mcu/all/bsp_rom_registers.o
                0x0100a240                . = PROJECT_SECURE_OR_FLAT?(__OPTION_SETTING_S_Start + 0x40):__OPTION_SETTING_S_Start
 *fill*         0x0100a214       0x2c ff
 *(.option_setting_bps_sec0)
 .option_setting_bps_sec0
                0x0100a240        0x4 ./ra/fsp/src/bsp/mcu/all/bsp_rom_registers.o
                0x0100a244                . = PROJECT_SECURE_OR_FLAT?(__OPTION_SETTING_S_Start + 0x44):__OPTION_SETTING_S_Start
 *(.option_setting_bps_sec1)
 .option_setting_bps_sec1
                0x0100a244        0x4 ./ra/fsp/src/bsp/mcu/all/bsp_rom_registers.o
                0x0100a248                . = PROJECT_SECURE_OR_FLAT?(__OPTION_SETTING_S_Start + 0x48):__OPTION_SETTING_S_Start
 *(.option_setting_bps_sec2)
 .option_setting_bps_sec2
                0x0100a248        0x4 ./ra/fsp/src/bsp/mcu/all/bsp_rom_registers.o
                0x0100a24c                . = PROJECT_SECURE_OR_FLAT?(__OPTION_SETTING_S_Start + 0x4c):__OPTION_SETTING_S_Start
 *(.option_setting_bps_sec3)
 .option_setting_bps_sec3
                0x0100a24c        0x4 ./ra/fsp/src/bsp/mcu/all/bsp_rom_registers.o
                0x0100a260                . = PROJECT_SECURE_OR_FLAT?(__OPTION_SETTING_S_Start + 0x60):__OPTION_SETTING_S_Start
 *fill*         0x0100a250       0x10 ff
 *(.option_setting_pbps_sec0)
 .option_setting_pbps_sec0
                0x0100a260        0x4 ./ra/fsp/src/bsp/mcu/all/bsp_rom_registers.o
                0x0100a264                . = PROJECT_SECURE_OR_FLAT?(__OPTION_SETTING_S_Start + 0x64):__OPTION_SETTING_S_Start
 *(.option_setting_pbps_sec1)
 .option_setting_pbps_sec1
                0x0100a264        0x4 ./ra/fsp/src/bsp/mcu/all/bsp_rom_registers.o
                0x0100a268                . = PROJECT_SECURE_OR_FLAT?(__OPTION_SETTING_S_Start + 0x68):__OPTION_SETTING_S_Start
 *(.option_setting_pbps_sec2)
 .option_setting_pbps_sec2
                0x0100a268        0x4 ./ra/fsp/src/bsp/mcu/all/bsp_rom_registers.o
                0x0100a26c                . = PROJECT_SECURE_OR_FLAT?(__OPTION_SETTING_S_Start + 0x6c):__OPTION_SETTING_S_Start
 *(.option_setting_pbps_sec3)
 .option_setting_pbps_sec3
                0x0100a26c        0x4 ./ra/fsp/src/bsp/mcu/all/bsp_rom_registers.o
                0x0100a280                . = PROJECT_SECURE_OR_FLAT?(__OPTION_SETTING_S_Start + 0x80):__OPTION_SETTING_S_Start
 *fill*         0x0100a270       0x10 ff
 *(.option_setting_ofs1_sel)
 .option_setting_ofs1_sel
                0x0100a280        0x4 ./ra/fsp/src/bsp/mcu/all/bsp_rom_registers.o
                0x0100a284                . = PROJECT_SECURE_OR_FLAT?(__OPTION_SETTING_S_Start + 0x84):__OPTION_SETTING_S_Start
 *(.option_setting_ofs3_sel)
                0x0100a290                . = PROJECT_SECURE_OR_FLAT?(__OPTION_SETTING_S_Start + 0x90):__OPTION_SETTING_S_Start
 *fill*         0x0100a284        0xc ff
 *(.option_setting_banksel_sel)
 .option_setting_banksel_sel
                0x0100a290        0x4 ./ra/fsp/src/bsp/mcu/all/bsp_rom_registers.o
                0x0100a2c0                . = PROJECT_SECURE_OR_FLAT?(__OPTION_SETTING_S_Start + 0xc0):__OPTION_SETTING_S_Start
 *fill*         0x0100a294       0x2c ff
 *(.option_setting_bps_sel0)
 .option_setting_bps_sel0
                0x0100a2c0        0x4 ./ra/fsp/src/bsp/mcu/all/bsp_rom_registers.o
                0x0100a2c4                . = PROJECT_SECURE_OR_FLAT?(__OPTION_SETTING_S_Start + 0xc4):__OPTION_SETTING_S_Start
 *(.option_setting_bps_sel1)
 .option_setting_bps_sel1
                0x0100a2c4        0x4 ./ra/fsp/src/bsp/mcu/all/bsp_rom_registers.o
                0x0100a2c8                . = PROJECT_SECURE_OR_FLAT?(__OPTION_SETTING_S_Start + 0xc8):__OPTION_SETTING_S_Start
 *(.option_setting_bps_sel2)
 .option_setting_bps_sel2
                0x0100a2c8        0x4 ./ra/fsp/src/bsp/mcu/all/bsp_rom_registers.o
                0x0100a2cc                . = PROJECT_SECURE_OR_FLAT?(__OPTION_SETTING_S_Start + 0xcc):__OPTION_SETTING_S_Start
 *(.option_setting_bps_sel3)
 .option_setting_bps_sel3
                0x0100a2cc        0x4 ./ra/fsp/src/bsp/mcu/all/bsp_rom_registers.o
                0x0100a2d0                __OPTION_SETTING_S_End = .
                0x0100a2d0                __tz_OPTION_SETTING_S_N = __OPTION_SETTING_S_End
OUTPUT(ra6m5_ds.elf elf32-littlearm)
LOAD linker stubs

.rel.dyn        0x0100a2d0        0x0
 .rel.iplt      0x0100a2d0        0x0 c:/renesas/ra/e2studio_v2023-04_fsp_v4.5.0/toolchains/gcc_arm/gcc-arm-none-eabi-10.3-2021.10/bin/../lib/gcc/arm-none-eabi/10.3.1/thumb/v8-m.main+fp/hard/crtbegin.o

.ARM.attributes
                0x00000000       0x36
 .ARM.attributes
                0x00000000       0x22 c:/renesas/ra/e2studio_v2023-04_fsp_v4.5.0/toolchains/gcc_arm/gcc-arm-none-eabi-10.3-2021.10/bin/../lib/gcc/arm-none-eabi/10.3.1/thumb/v8-m.main+fp/hard/crti.o
 .ARM.attributes
                0x00000022       0x38 c:/renesas/ra/e2studio_v2023-04_fsp_v4.5.0/toolchains/gcc_arm/gcc-arm-none-eabi-10.3-2021.10/bin/../lib/gcc/arm-none-eabi/10.3.1/thumb/v8-m.main+fp/hard/crtbegin.o
 .ARM.attributes
                0x0000005a       0x3a ./zed/drivers/drv_uart.o
 .ARM.attributes
                0x00000094       0x3a ./zed/applications/app_uart_test.o
 .ARM.attributes
                0x000000ce       0x3a ./src/hal_entry.o
 .ARM.attributes
                0x00000108       0x3a ./ra_gen/common_data.o
 .ARM.attributes
                0x00000142       0x3a ./ra_gen/hal_data.o
 .ARM.attributes
                0x0000017c       0x3a ./ra_gen/main.o
 .ARM.attributes
                0x000001b6       0x3a ./ra_gen/pin_data.o
 .ARM.attributes
                0x000001f0       0x3a ./ra_gen/vector_data.o
 .ARM.attributes
                0x0000022a       0x3a ./ra/fsp/src/r_sci_uart/r_sci_uart.o
 .ARM.attributes
                0x00000264       0x3a ./ra/fsp/src/r_ioport/r_ioport.o
 .ARM.attributes
                0x0000029e       0x3a ./ra/fsp/src/bsp/mcu/all/bsp_clocks.o
 .ARM.attributes
                0x000002d8       0x3a ./ra/fsp/src/bsp/mcu/all/bsp_common.o
 .ARM.attributes
                0x00000312       0x3a ./ra/fsp/src/bsp/mcu/all/bsp_delay.o
 .ARM.attributes
                0x0000034c       0x3a ./ra/fsp/src/bsp/mcu/all/bsp_group_irq.o
 .ARM.attributes
                0x00000386       0x3a ./ra/fsp/src/bsp/mcu/all/bsp_io.o
 .ARM.attributes
                0x000003c0       0x3a ./ra/fsp/src/bsp/mcu/all/bsp_irq.o
 .ARM.attributes
                0x000003fa       0x3a ./ra/fsp/src/bsp/mcu/all/bsp_register_protection.o
 .ARM.attributes
                0x00000434       0x3a ./ra/fsp/src/bsp/mcu/all/bsp_rom_registers.o
 .ARM.attributes
                0x0000046e       0x3a ./ra/fsp/src/bsp/cmsis/Device/RENESAS/Source/startup.o
 .ARM.attributes
                0x000004a8       0x3a ./ra/fsp/src/bsp/cmsis/Device/RENESAS/Source/system.o
 .ARM.attributes
                0x000004e2       0x38 c:/renesas/ra/e2studio_v2023-04_fsp_v4.5.0/toolchains/gcc_arm/gcc-arm-none-eabi-10.3-2021.10/bin/../lib/gcc/arm-none-eabi/10.3.1/../../../../arm-none-eabi/lib/thumb/v8-m.main+fp/hard\libg_nano.a(lib_a-memcpy-stub.o)
 .ARM.attributes
                0x0000051a       0x38 c:/renesas/ra/e2studio_v2023-04_fsp_v4.5.0/toolchains/gcc_arm/gcc-arm-none-eabi-10.3-2021.10/bin/../lib/gcc/arm-none-eabi/10.3.1/../../../../arm-none-eabi/lib/thumb/v8-m.main+fp/hard\libg_nano.a(lib_a-memset.o)
 .ARM.attributes
                0x00000552       0x38 c:/renesas/ra/e2studio_v2023-04_fsp_v4.5.0/toolchains/gcc_arm/gcc-arm-none-eabi-10.3-2021.10/bin/../lib/gcc/arm-none-eabi/10.3.1/thumb/v8-m.main+fp/hard/crtend.o
 .ARM.attributes
                0x0000058a       0x22 c:/renesas/ra/e2studio_v2023-04_fsp_v4.5.0/toolchains/gcc_arm/gcc-arm-none-eabi-10.3-2021.10/bin/../lib/gcc/arm-none-eabi/10.3.1/thumb/v8-m.main+fp/hard/crtn.o

.comment        0x00000000       0x49
 .comment       0x00000000       0x49 ./zed/drivers/drv_uart.o
                                 0x4a (size before relaxing)
 .comment       0x00000049       0x4a ./zed/applications/app_uart_test.o
 .comment       0x00000049       0x4a ./src/hal_entry.o
 .comment       0x00000049       0x4a ./ra_gen/common_data.o
 .comment       0x00000049       0x4a ./ra_gen/hal_data.o
 .comment       0x00000049       0x4a ./ra_gen/main.o
 .comment       0x00000049       0x4a ./ra_gen/pin_data.o
 .comment       0x00000049       0x4a ./ra_gen/vector_data.o
 .comment       0x00000049       0x4a ./ra/fsp/src/r_sci_uart/r_sci_uart.o
 .comment       0x00000049       0x4a ./ra/fsp/src/r_ioport/r_ioport.o
 .comment       0x00000049       0x4a ./ra/fsp/src/bsp/mcu/all/bsp_clocks.o
 .comment       0x00000049       0x4a ./ra/fsp/src/bsp/mcu/all/bsp_common.o
 .comment       0x00000049       0x4a ./ra/fsp/src/bsp/mcu/all/bsp_delay.o
 .comment       0x00000049       0x4a ./ra/fsp/src/bsp/mcu/all/bsp_group_irq.o
 .comment       0x00000049       0x4a ./ra/fsp/src/bsp/mcu/all/bsp_io.o
 .comment       0x00000049       0x4a ./ra/fsp/src/bsp/mcu/all/bsp_irq.o
 .comment       0x00000049       0x4a ./ra/fsp/src/bsp/mcu/all/bsp_register_protection.o
 .comment       0x00000049       0x4a ./ra/fsp/src/bsp/mcu/all/bsp_rom_registers.o
 .comment       0x00000049       0x4a ./ra/fsp/src/bsp/cmsis/Device/RENESAS/Source/startup.o
 .comment       0x00000049       0x4a ./ra/fsp/src/bsp/cmsis/Device/RENESAS/Source/system.o

.debug_info     0x00000000    0x27fa9
 .debug_info    0x00000000     0x12e4 ./zed/drivers/drv_uart.o
 .debug_info    0x000012e4     0x12e4 ./zed/applications/app_uart_test.o
 .debug_info    0x000025c8      0x8ac ./src/hal_entry.o
 .debug_info    0x00002e74     0x1208 ./ra_gen/common_data.o
 .debug_info    0x0000407c     0x3419 ./ra_gen/hal_data.o
 .debug_info    0x00007495       0xa3 ./ra_gen/main.o
 .debug_info    0x00007538      0xa07 ./ra_gen/pin_data.o
 .debug_info    0x00007f3f      0x858 ./ra_gen/vector_data.o
 .debug_info    0x00008797     0xa21f ./ra/fsp/src/r_sci_uart/r_sci_uart.o
 .debug_info    0x000129b6     0x6e4d ./ra/fsp/src/r_ioport/r_ioport.o
 .debug_info    0x00019803     0x5eb8 ./ra/fsp/src/bsp/mcu/all/bsp_clocks.o
 .debug_info    0x0001f6bb      0x916 ./ra/fsp/src/bsp/mcu/all/bsp_common.o
 .debug_info    0x0001ffd1      0x1d1 ./ra/fsp/src/bsp/mcu/all/bsp_delay.o
 .debug_info    0x000201a2     0x13d8 ./ra/fsp/src/bsp/mcu/all/bsp_group_irq.o
 .debug_info    0x0002157a       0xa3 ./ra/fsp/src/bsp/mcu/all/bsp_io.o
 .debug_info    0x0002161d     0x1e7b ./ra/fsp/src/bsp/mcu/all/bsp_irq.o
 .debug_info    0x00023498     0x3eab ./ra/fsp/src/bsp/mcu/all/bsp_register_protection.o
 .debug_info    0x00027343      0x1de ./ra/fsp/src/bsp/mcu/all/bsp_rom_registers.o
 .debug_info    0x00027521      0x141 ./ra/fsp/src/bsp/cmsis/Device/RENESAS/Source/startup.o
 .debug_info    0x00027662      0x947 ./ra/fsp/src/bsp/cmsis/Device/RENESAS/Source/system.o

.debug_abbrev   0x00000000     0x275d
 .debug_abbrev  0x00000000      0x2c5 ./zed/drivers/drv_uart.o
 .debug_abbrev  0x000002c5      0x2a2 ./zed/applications/app_uart_test.o
 .debug_abbrev  0x00000567      0x12e ./src/hal_entry.o
 .debug_abbrev  0x00000695      0x150 ./ra_gen/common_data.o
 .debug_abbrev  0x000007e5      0x268 ./ra_gen/hal_data.o
 .debug_abbrev  0x00000a4d       0x66 ./ra_gen/main.o
 .debug_abbrev  0x00000ab3       0xdc ./ra_gen/pin_data.o
 .debug_abbrev  0x00000b8f       0xa7 ./ra_gen/vector_data.o
 .debug_abbrev  0x00000c36      0x592 ./ra/fsp/src/r_sci_uart/r_sci_uart.o
 .debug_abbrev  0x000011c8      0x430 ./ra/fsp/src/r_ioport/r_ioport.o
 .debug_abbrev  0x000015f8      0x3b9 ./ra/fsp/src/bsp/mcu/all/bsp_clocks.o
 .debug_abbrev  0x000019b1      0x172 ./ra/fsp/src/bsp/mcu/all/bsp_common.o
 .debug_abbrev  0x00001b23      0x111 ./ra/fsp/src/bsp/mcu/all/bsp_delay.o
 .debug_abbrev  0x00001c34      0x254 ./ra/fsp/src/bsp/mcu/all/bsp_group_irq.o
 .debug_abbrev  0x00001e88       0x5e ./ra/fsp/src/bsp/mcu/all/bsp_io.o
 .debug_abbrev  0x00001ee6      0x251 ./ra/fsp/src/bsp/mcu/all/bsp_irq.o
 .debug_abbrev  0x00002137      0x277 ./ra/fsp/src/bsp/mcu/all/bsp_register_protection.o
 .debug_abbrev  0x000023ae       0x4d ./ra/fsp/src/bsp/mcu/all/bsp_rom_registers.o
 .debug_abbrev  0x000023fb       0xe6 ./ra/fsp/src/bsp/cmsis/Device/RENESAS/Source/startup.o
 .debug_abbrev  0x000024e1      0x27c ./ra/fsp/src/bsp/cmsis/Device/RENESAS/Source/system.o

.debug_loc      0x00000000     0x2b8b
 .debug_loc     0x00000000       0xaf ./zed/drivers/drv_uart.o
 .debug_loc     0x000000af       0x53 ./zed/applications/app_uart_test.o
 .debug_loc     0x00000102       0x25 ./src/hal_entry.o
 .debug_loc     0x00000127     0x153a ./ra/fsp/src/r_sci_uart/r_sci_uart.o
 .debug_loc     0x00001661      0xcde ./ra/fsp/src/r_ioport/r_ioport.o
 .debug_loc     0x0000233f      0x315 ./ra/fsp/src/bsp/mcu/all/bsp_clocks.o
 .debug_loc     0x00002654       0x22 ./ra/fsp/src/bsp/mcu/all/bsp_common.o
 .debug_loc     0x00002676      0x178 ./ra/fsp/src/bsp/mcu/all/bsp_delay.o
 .debug_loc     0x000027ee       0xaa ./ra/fsp/src/bsp/mcu/all/bsp_group_irq.o
 .debug_loc     0x00002898      0x121 ./ra/fsp/src/bsp/mcu/all/bsp_irq.o
 .debug_loc     0x000029b9      0x105 ./ra/fsp/src/bsp/mcu/all/bsp_register_protection.o
 .debug_loc     0x00002abe       0xcd ./ra/fsp/src/bsp/cmsis/Device/RENESAS/Source/system.o

.debug_aranges  0x00000000      0x3e8
 .debug_aranges
                0x00000000       0x40 ./zed/drivers/drv_uart.o
 .debug_aranges
                0x00000040       0x20 ./zed/applications/app_uart_test.o
 .debug_aranges
                0x00000060       0x28 ./src/hal_entry.o
 .debug_aranges
                0x00000088       0x20 ./ra_gen/common_data.o
 .debug_aranges
                0x000000a8       0x20 ./ra_gen/hal_data.o
 .debug_aranges
                0x000000c8       0x20 ./ra_gen/main.o
 .debug_aranges
                0x000000e8       0x18 ./ra_gen/pin_data.o
 .debug_aranges
                0x00000100       0x18 ./ra_gen/vector_data.o
 .debug_aranges
                0x00000118       0x90 ./ra/fsp/src/r_sci_uart/r_sci_uart.o
 .debug_aranges
                0x000001a8       0x90 ./ra/fsp/src/r_ioport/r_ioport.o
 .debug_aranges
                0x00000238       0x68 ./ra/fsp/src/bsp/mcu/all/bsp_clocks.o
 .debug_aranges
                0x000002a0       0x30 ./ra/fsp/src/bsp/mcu/all/bsp_common.o
 .debug_aranges
                0x000002d0       0x28 ./ra/fsp/src/bsp/mcu/all/bsp_delay.o
 .debug_aranges
                0x000002f8       0x28 ./ra/fsp/src/bsp/mcu/all/bsp_group_irq.o
 .debug_aranges
                0x00000320       0x18 ./ra/fsp/src/bsp/mcu/all/bsp_io.o
 .debug_aranges
                0x00000338       0x20 ./ra/fsp/src/bsp/mcu/all/bsp_irq.o
 .debug_aranges
                0x00000358       0x28 ./ra/fsp/src/bsp/mcu/all/bsp_register_protection.o
 .debug_aranges
                0x00000380       0x18 ./ra/fsp/src/bsp/mcu/all/bsp_rom_registers.o
 .debug_aranges
                0x00000398       0x28 ./ra/fsp/src/bsp/cmsis/Device/RENESAS/Source/startup.o
 .debug_aranges
                0x000003c0       0x28 ./ra/fsp/src/bsp/cmsis/Device/RENESAS/Source/system.o

.debug_ranges   0x00000000      0xa00
 .debug_ranges  0x00000000       0x30 ./zed/drivers/drv_uart.o
 .debug_ranges  0x00000030       0x28 ./zed/applications/app_uart_test.o
 .debug_ranges  0x00000058       0x18 ./src/hal_entry.o
 .debug_ranges  0x00000070       0x10 ./ra_gen/common_data.o
 .debug_ranges  0x00000080       0x10 ./ra_gen/hal_data.o
 .debug_ranges  0x00000090       0x10 ./ra_gen/main.o
 .debug_ranges  0x000000a0      0x538 ./ra/fsp/src/r_sci_uart/r_sci_uart.o
 .debug_ranges  0x000005d8      0x168 ./ra/fsp/src/r_ioport/r_ioport.o
 .debug_ranges  0x00000740      0x138 ./ra/fsp/src/bsp/mcu/all/bsp_clocks.o
 .debug_ranges  0x00000878       0x20 ./ra/fsp/src/bsp/mcu/all/bsp_common.o
 .debug_ranges  0x00000898       0x18 ./ra/fsp/src/bsp/mcu/all/bsp_delay.o
 .debug_ranges  0x000008b0       0x58 ./ra/fsp/src/bsp/mcu/all/bsp_group_irq.o
 .debug_ranges  0x00000908       0x68 ./ra/fsp/src/bsp/mcu/all/bsp_irq.o
 .debug_ranges  0x00000970       0x48 ./ra/fsp/src/bsp/mcu/all/bsp_register_protection.o
 .debug_ranges  0x000009b8       0x18 ./ra/fsp/src/bsp/cmsis/Device/RENESAS/Source/startup.o
 .debug_ranges  0x000009d0       0x30 ./ra/fsp/src/bsp/cmsis/Device/RENESAS/Source/system.o

.debug_line     0x00000000     0x590b
 .debug_line    0x00000000      0x411 ./zed/drivers/drv_uart.o
 .debug_line    0x00000411      0x36c ./zed/applications/app_uart_test.o
 .debug_line    0x0000077d      0x33c ./src/hal_entry.o
 .debug_line    0x00000ab9      0x2ab ./ra_gen/common_data.o
 .debug_line    0x00000d64      0x2fe ./ra_gen/hal_data.o
 .debug_line    0x00001062       0x5e ./ra_gen/main.o
 .debug_line    0x000010c0      0x1dc ./ra_gen/pin_data.o
 .debug_line    0x0000129c       0xdd ./ra_gen/vector_data.o
 .debug_line    0x00001379     0x167c ./ra/fsp/src/r_sci_uart/r_sci_uart.o
 .debug_line    0x000029f5      0xb85 ./ra/fsp/src/r_ioport/r_ioport.o
 .debug_line    0x0000357a      0x921 ./ra/fsp/src/bsp/mcu/all/bsp_clocks.o
 .debug_line    0x00003e9b      0x2ea ./ra/fsp/src/bsp/mcu/all/bsp_common.o
 .debug_line    0x00004185      0x2c8 ./ra/fsp/src/bsp/mcu/all/bsp_delay.o
 .debug_line    0x0000444d      0x315 ./ra/fsp/src/bsp/mcu/all/bsp_group_irq.o
 .debug_line    0x00004762      0x1a1 ./ra/fsp/src/bsp/mcu/all/bsp_io.o
 .debug_line    0x00004903      0x43b ./ra/fsp/src/bsp/mcu/all/bsp_irq.o
 .debug_line    0x00004d3e      0x3c0 ./ra/fsp/src/bsp/mcu/all/bsp_register_protection.o
 .debug_line    0x000050fe      0x161 ./ra/fsp/src/bsp/mcu/all/bsp_rom_registers.o
 .debug_line    0x0000525f      0x225 ./ra/fsp/src/bsp/cmsis/Device/RENESAS/Source/startup.o
 .debug_line    0x00005484      0x487 ./ra/fsp/src/bsp/cmsis/Device/RENESAS/Source/system.o

.debug_str      0x00000000     0xab2d
 .debug_str     0x00000000     0x23bb ./zed/drivers/drv_uart.o
                               0x2473 (size before relaxing)
 .debug_str     0x000023bb       0xa7 ./zed/applications/app_uart_test.o
                               0x2498 (size before relaxing)
 .debug_str     0x00002462     0x15fa ./src/hal_entry.o
                               0x17fd (size before relaxing)
 .debug_str     0x00003a5c      0x26e ./ra_gen/common_data.o
                               0x3251 (size before relaxing)
 .debug_str     0x00003cca      0xa25 ./ra_gen/hal_data.o
                               0x4362 (size before relaxing)
 .debug_str     0x000046ef       0x16 ./ra_gen/main.o
                                0x1af (size before relaxing)
 .debug_str     0x00004705      0x648 ./ra_gen/pin_data.o
                               0x1d37 (size before relaxing)
 .debug_str     0x00004d4d     0x1b26 ./ra_gen/vector_data.o
                               0x1cb5 (size before relaxing)
 .debug_str     0x00006873     0x2465 ./ra/fsp/src/r_sci_uart/r_sci_uart.o
                               0x683d (size before relaxing)
 .debug_str     0x00008cd8      0x8b2 ./ra/fsp/src/r_ioport/r_ioport.o
                               0x56f2 (size before relaxing)
 .debug_str     0x0000958a      0xa04 ./ra/fsp/src/bsp/mcu/all/bsp_clocks.o
                               0x2540 (size before relaxing)
 .debug_str     0x00009f8e      0x10b ./ra/fsp/src/bsp/mcu/all/bsp_common.o
                               0x1b65 (size before relaxing)
 .debug_str     0x0000a099       0xbc ./ra/fsp/src/bsp/mcu/all/bsp_delay.o
                                0x2de (size before relaxing)
 .debug_str     0x0000a155      0x1de ./ra/fsp/src/bsp/mcu/all/bsp_group_irq.o
                               0x2070 (size before relaxing)
 .debug_str     0x0000a333       0x23 ./ra/fsp/src/bsp/mcu/all/bsp_io.o
                                0x1de (size before relaxing)
 .debug_str     0x0000a356      0x36f ./ra/fsp/src/bsp/mcu/all/bsp_irq.o
                               0x2565 (size before relaxing)
 .debug_str     0x0000a6c5       0x88 ./ra/fsp/src/bsp/mcu/all/bsp_register_protection.o
                               0x1a95 (size before relaxing)
 .debug_str     0x0000a74d      0x197 ./ra/fsp/src/bsp/mcu/all/bsp_rom_registers.o
                                0x33a (size before relaxing)
 .debug_str     0x0000a8e4       0x82 ./ra/fsp/src/bsp/cmsis/Device/RENESAS/Source/startup.o
                                0x228 (size before relaxing)
 .debug_str     0x0000a966      0x1c7 ./ra/fsp/src/bsp/cmsis/Device/RENESAS/Source/system.o
                                0x630 (size before relaxing)

.debug_frame    0x00000000      0x770
 .debug_frame   0x00000000       0x74 ./zed/drivers/drv_uart.o
 .debug_frame   0x00000074       0x2c ./zed/applications/app_uart_test.o
 .debug_frame   0x000000a0       0x30 ./src/hal_entry.o
 .debug_frame   0x000000d0       0x20 ./ra_gen/common_data.o
 .debug_frame   0x000000f0       0x20 ./ra_gen/hal_data.o
 .debug_frame   0x00000110       0x28 ./ra_gen/main.o
 .debug_frame   0x00000138      0x1d0 ./ra/fsp/src/r_sci_uart/r_sci_uart.o
 .debug_frame   0x00000308      0x17c ./ra/fsp/src/r_ioport/r_ioport.o
 .debug_frame   0x00000484       0xf0 ./ra/fsp/src/bsp/mcu/all/bsp_clocks.o
 .debug_frame   0x00000574       0x40 ./ra/fsp/src/bsp/mcu/all/bsp_common.o
 .debug_frame   0x000005b4       0x44 ./ra/fsp/src/bsp/mcu/all/bsp_delay.o
 .debug_frame   0x000005f8       0x3c ./ra/fsp/src/bsp/mcu/all/bsp_group_irq.o
 .debug_frame   0x00000634       0x30 ./ra/fsp/src/bsp/mcu/all/bsp_irq.o
 .debug_frame   0x00000664       0x48 ./ra/fsp/src/bsp/mcu/all/bsp_register_protection.o
 .debug_frame   0x000006ac       0x38 ./ra/fsp/src/bsp/cmsis/Device/RENESAS/Source/startup.o
 .debug_frame   0x000006e4       0x44 ./ra/fsp/src/bsp/cmsis/Device/RENESAS/Source/system.o
 .debug_frame   0x00000728       0x28 c:/renesas/ra/e2studio_v2023-04_fsp_v4.5.0/toolchains/gcc_arm/gcc-arm-none-eabi-10.3-2021.10/bin/../lib/gcc/arm-none-eabi/10.3.1/../../../../arm-none-eabi/lib/thumb/v8-m.main+fp/hard\libg_nano.a(lib_a-memcpy-stub.o)
 .debug_frame   0x00000750       0x20 c:/renesas/ra/e2studio_v2023-04_fsp_v4.5.0/toolchains/gcc_arm/gcc-arm-none-eabi-10.3-2021.10/bin/../lib/gcc/arm-none-eabi/10.3.1/../../../../arm-none-eabi/lib/thumb/v8-m.main+fp/hard\libg_nano.a(lib_a-memset.o)
